// Jest Snapshot v1, https://goo.gl/fbAQLP

exports[`InputIconToggle when initiated with children renders as expected 1`] = `
.c0 {
  -webkit-align-items: center;
  -webkit-box-align: center;
  -ms-flex-align: center;
  align-items: center;
  cursor: pointer;
  display: -webkit-box;
  display: -webkit-flex;
  display: -ms-flexbox;
  display: flex;
  -webkit-box-pack: center;
  -webkit-justify-content: center;
  -ms-flex-pack: center;
  justify-content: center;
  margin-right: -11px;
  width: 40px;
}

<span
  className="c0"
  size="medium"
  type="settings"
>
  mock content
</span>
`;
