// Jest Snapshot v1, https://goo.gl/fbAQLP

exports[`TableHeader render renders the sort icon to match the snapshot 1`] = `
.c1 {
  background-color: #335B6D;
  border-width: 0;
  border-bottom: 1px solid #CCD6DA;
  border-left: 1px solid #668491;
  box-sizing: border-box;
  color: #FFFFFF;
  font-weight: 700;
  outline: medium none;
  padding: 0 8px;
  position: relative;
  text-align: right;
  text-overflow: ellipsis;
  -webkit-user-select: none;
  -moz-user-select: none;
  -ms-user-select: none;
  user-select: none;
  vertical-align: middle;
  white-space: nowrap;
  cursor: pointer;
}

.c1:first-child {
  border-left: none;
}

.c1:hover {
  background-color: #19475B;
}

.c1 .c3 {
  color: #FFFFFF;
}

.c1 a:link,
.c1 a:visited,
.c1 a:hover,
.c1 a:active {
  color: #FFFFFF;
  -webkit-text-decoration: none;
  text-decoration: none;
  display: -webkit-box;
  display: -webkit-flex;
  display: -ms-flexbox;
  display: flex;
  -webkit-align-items: center;
  -webkit-box-align: center;
  -ms-flex-align: center;
  align-items: center;
  line-height: 16px;
  height: 24px;
}

.c1 a span {
  float: left;
}

.c1 a span .carbon-icon__svg--sort-down,
.c1 a span .carbon-icon__svg--sort-up {
  height: 11px;
  width: 10px;
}

.c2 .c5 .c4,
.c2 .c5 .c0 {
  font-size: 14px;
  padding-left: 11px;
  padding-right: 11px;
}

<th
  className="c0 c1"
  data-component="table-header"
  onClick={[Function]}
>
  <a
    aria-label="Sortable column, activate to sort column descending"
    href="#sort-asc"
    onClick={[Function]}
  />
</th>
`;
