// Jest Snapshot v1, https://goo.gl/fbAQLP

exports[`SwitchSpinnerDot base theme renders as expected 1`] = `
.c0 {
  -webkit-animation: carbon-loading-dots__bouncedelay 1s infinite ease-in-out both;
  animation: carbon-loading-dots__bouncedelay 1s infinite ease-in-out both;
  background-color: #003349;
  display: inline-block;
  height: 5px;
  margin-right: 2px;
  width: 5px;
}

.c0:nth-of-type(1) {
  -webkit-animation-delay: 0s;
  animation-delay: 0s;
}

.c0:nth-of-type(2) {
  -webkit-animation-delay: 0.2s;
  animation-delay: 0.2s;
}

.c0:nth-of-type(3) {
  -webkit-animation-delay: 0.4s;
  animation-delay: 0.4s;
  margin-right: 0px;
}

<div
  className="c0"
/>
`;
