// Jest Snapshot v1, https://goo.gl/fbAQLP

exports[`InputPresentation classic theme applies custom styling 1`] = `
.c0 {
  -webkit-align-items: stretch;
  -webkit-box-align: stretch;
  -ms-flex-align: stretch;
  align-items: stretch;
  background: #fff;
  border: 1px solid #668592;
  box-sizing: border-box;
  cursor: text;
  display: -webkit-box;
  display: -webkit-flex;
  display: -ms-flexbox;
  display: flex;
  -webkit-flex-wrap: wrap;
  -ms-flex-wrap: wrap;
  flex-wrap: wrap;
  -webkit-flex: 0 0 100%;
  -ms-flex: 0 0 100%;
  flex: 0 0 100%;
  margin: 0;
  min-height: 40px;
  padding-left: 11px;
  padding-right: 11px;
  border-color: #ccd6db;
  box-shadow: none;
  min-height: 31px;
  padding-left: 6px;
  padding-right: 6px;
}

.c0 .c1:-webkit-autofill {
  margin-top: 2px;
}

.c0 .c1 {
  height: 27px;
}

.c0:hover {
  border-color: #99adb6;
  z-index: 2;
}

.c0:hover .c2 {
  background-color: #255bc7;
  border-color: #255bc7;
  color: #fff;
}

.c0:hover .c2:hover {
  background-color: #1e499f;
  border-color: #1e499f;
}

.c0 input::-ms-clear {
  display: none;
}

.c0 input::-webkit-contacts-auto-fill-button {
  display: none!important;
}

<div
  className="c0"
  onMouseEnter={[Function]}
  onMouseLeave={[Function]}
  role="presentation"
  size="medium"
>
  sample children
</div>
`;

exports[`InputPresentation renders presentational div and context provider for its children 1`] = `
.c0 {
  -webkit-align-items: stretch;
  -webkit-box-align: stretch;
  -ms-flex-align: stretch;
  align-items: stretch;
  background: #fff;
  border: 1px solid #668592;
  box-sizing: border-box;
  cursor: text;
  display: -webkit-box;
  display: -webkit-flex;
  display: -ms-flexbox;
  display: flex;
  -webkit-flex-wrap: wrap;
  -ms-flex-wrap: wrap;
  flex-wrap: wrap;
  -webkit-flex: 0 0 100%;
  -ms-flex: 0 0 100%;
  flex: 0 0 100%;
  margin: 0;
  min-height: 40px;
  padding-left: 11px;
  padding-right: 11px;
}

.c0 .c1:-webkit-autofill {
  margin-top: 2px;
}

.c0 input::-ms-clear {
  display: none;
}

.c0 input::-webkit-contacts-auto-fill-button {
  display: none!important;
}

<div
  className="c0"
  onMouseEnter={[Function]}
  onMouseLeave={[Function]}
  role="presentation"
  size="medium"
>
  sample children
</div>
`;
