// Jest Snapshot v1, https://goo.gl/fbAQLP

exports[`Pager renders the Pager correctly with the Classic Theme 1`] = `
.c3 {
  display: inline-block;
  position: relative;
  color: rgba(0,0,0,0.65);
  background-color: transparent;
  -webkit-align-items: center;
  -webkit-box-align: center;
  -ms-flex-align: center;
  align-items: center;
  display: -webkit-inline-box;
  display: -webkit-inline-flex;
  display: -ms-inline-flexbox;
  display: inline-flex;
  -webkit-box-pack: center;
  -webkit-justify-content: center;
  -ms-flex-pack: center;
  justify-content: center;
  height: 24px;
  width: 24px;
  color: rgba(0,0,0,0.85);
}

.c3:hover {
  color: rgba(0,0,0,0.90);
  background-color: transparent;
}

.c3::before {
  -webkit-font-smoothing: antialiased;
  -moz-osx-font-smoothing: grayscale;
  font-family: CarbonIcons;
  content: "\\e910";
  font-size: 16px;
  font-style: normal;
  font-weight: normal;
  line-height: 16px;
  vertical-align: middle;
  display: block;
}

.common-input__label--help .c3 {
  width: auto;
  height: auto;
}

.c3::before {
  font-size: 16px;
  font-style: normal;
  font-weight: normal;
  line-height: 16px;
  vertical-align: middle;
}

.c0 {
  display: -webkit-box;
  display: -webkit-flex;
  display: -ms-flexbox;
  display: flex;
  -webkit-box-pack: justify;
  -webkit-justify-content: space-between;
  -ms-flex-pack: justify;
  justify-content: space-between;
  padding: 9px 24px;
  -webkit-align-items: center;
  -webkit-box-align: center;
  -ms-flex-align: center;
  align-items: center;
  border-top-width: 0;
  font-size: 13px;
  border: 1px solid #D8E0E3;
  background-color: #F9FAFB;
  border-top: none;
  padding: 3px 16px;
  font-size: 14px;
  background-color: #F2F4F5;
}

.c0 .common-input__input:active,
.c0 .common-input__input:hover {
  border-color: #CCD6DA;
}

.c0 .common-input__input:active {
  border-color: #265BC7;
}

.c0 .common-input__input:hover,
.c0 .common-input__input:focus {
  border-color: #99adb6;
}

.c1 {
  display: -webkit-box;
  display: -webkit-flex;
  display: -ms-flexbox;
  display: flex;
  -webkit-flex: 1 1 30%;
  -ms-flex: 1 1 30%;
  flex: 1 1 30%;
  -webkit-box-pack: start;
  -webkit-justify-content: flex-start;
  -ms-flex-pack: start;
  justify-content: flex-start;
}

.c1 .carbon-dropdown {
  width: 55px;
  margin: 0 4px;
}

.c2 {
  display: -webkit-box;
  display: -webkit-flex;
  display: -ms-flexbox;
  display: flex;
  -webkit-align-items: center;
  -webkit-box-align: center;
  -ms-flex-align: center;
  align-items: center;
}

.c4 {
  display: -webkit-box;
  display: -webkit-flex;
  display: -ms-flexbox;
  display: flex;
  -webkit-flex: 1 1 auto;
  -ms-flex: 1 1 auto;
  flex: 1 1 auto;
  -webkit-box-pack: center;
  -webkit-justify-content: center;
  -ms-flex-pack: center;
  justify-content: center;
  -webkit-align-items: center;
  -webkit-box-align: center;
  -ms-flex-align: center;
  align-items: center;
}

.c4.c4 .c10 {
  padding: 0;
  margin: 0 4px;
  line-height: 24px;
  min-height: 24px;
}

.c4.c4 .c9 {
  text-align: center;
  height: 24px;
}

.c4 .carbon-number__input {
  width: 35px;
  height: 31px;
  padding: 0;
  margin: 0 4px;
  line-height: 24px;
  text-align: center;
}

.c5 {
  display: inline-block;
  -webkit-transform: rotate(90deg) scale(1.4);
  -ms-transform: rotate(90deg) scale(1.4);
  transform: rotate(90deg) scale(1.4);
  cursor: pointer;
  margin-right: 8px;
  opacity: 0.3;
  cursor: not-allowed;
}

.c7 {
  display: inline-block;
  -webkit-transform: rotate(90deg) scale(1.4);
  -ms-transform: rotate(90deg) scale(1.4);
  transform: rotate(90deg) scale(1.4);
  cursor: pointer;
  margin-right: 8px;
  -webkit-transform: rotate(-90deg) scale(1.4);
  -ms-transform: rotate(-90deg) scale(1.4);
  transform: rotate(-90deg) scale(1.4);
  margin-right: 0;
  margin-left: 8px;
}

.c6 {
  -webkit-user-select: none;
  -moz-user-select: none;
  -ms-user-select: none;
  user-select: none;
}

.c8 {
  display: -webkit-box;
  display: -webkit-flex;
  display: -ms-flexbox;
  display: flex;
  -webkit-flex: 1 1 30%;
  -ms-flex: 1 1 30%;
  flex: 1 1 30%;
  -webkit-box-pack: end;
  -webkit-justify-content: flex-end;
  -ms-flex-pack: end;
  justify-content: flex-end;
}

<div
  className="c0"
  data-component="pager"
>
  <div
    className="c1"
  >
    <div
      className="c2"
    >
      <span>
        Show
      </span>
      <div
        className="carbon-dropdown common-input--with-icon common-input"
        data-component="dropdown"
        data-element="page-select"
      >
        <div
          className="common-input__field"
          onMouseOut={[Function]}
          onMouseOver={[Function]}
        >
          <input
            autoComplete="off"
            className="carbon-dropdown__input common-input__input"
            data-element="input"
            id="guid-12345"
            name={null}
            onBlur={[Function]}
            onChange={[Function]}
            onFocus={[Function]}
            onKeyDown={[Function]}
            readOnly={true}
            value={10}
          />
          <label
            htmlFor="guid-12345"
          >
            <span
              className="carbon-input-icon c3"
              data-component="icon"
              data-element="dropdown"
              disabled={false}
              fontSize="small"
              type="dropdown"
            />
          </label>
        </div>
        <input
          data-element="hidden-input"
          readOnly={true}
          type="hidden"
          value="10"
        />
      </div>
      <span>
        records
      </span>
    </div>
  </div>
  <div
    className="c4"
  >
    <div
      className="c5"
      disabled={true}
    >
      <span
        className="c3"
        data-component="icon"
        data-element="dropdown"
        disabled={false}
        fontSize="small"
        onClick={[Function]}
        type="dropdown"
      />
    </div>
    <span
      className="c6"
    >
      Page 
    </span>
    <label>
      <div
        className="carbon-number carbon-pager__current-page carbon-pager__current-page common-input"
        data-component="number"
        data-element="current-page"
      >
        <div
          className="common-input__field"
          onMouseOut={[Function]}
          onMouseOver={[Function]}
        >
          <input
            autoComplete="off"
            className="carbon-number__input common-input__input"
            data-element="input"
            id="guid-12345"
            onBlur={[Function]}
            onChange={[Function]}
            onFocus={[Function]}
            onKeyDown={[Function]}
            onKeyUp={[Function]}
            value="1"
          />
        </div>
      </div>
    </label>
    <span
      className="c6"
    >
       of 
      10
    </span>
    <div
      className="c7"
      disabled={false}
    >
      <span
        className="c3"
        data-component="icon"
        data-element="dropdown"
        disabled={false}
        fontSize="small"
        onClick={[Function]}
        type="dropdown"
      />
    </div>
  </div>
  <div
    className="c8"
  >
    100
     
    records
  </div>
</div>
`;

exports[`Pager renders the Pager correctly with the Mint Theme 1`] = `
.c14 {
  background: transparent;
  border: none;
  color: rgba(0,0,0,0.9);
  -webkit-box-flex: 1;
  -webkit-flex-grow: 1;
  -ms-flex-positive: 1;
  flex-grow: 1;
  font-size: 14px;
  outline: none;
  width: 30px;
}

.c14::-webkit-input-placeholder {
  color: rgba(0,0,0,0.3);
}

.c14::-moz-placeholder {
  color: rgba(0,0,0,0.3);
}

.c14:-ms-input-placeholder {
  color: rgba(0,0,0,0.3);
}

.c14::placeholder {
  color: rgba(0,0,0,0.3);
}

.c14:invalid,
.c14:required {
  box-shadow: none;
}

.c3 {
  display: inline-block;
  position: relative;
  color: rgba(0,0,0,0.65);
  background-color: transparent;
  -webkit-align-items: center;
  -webkit-box-align: center;
  -ms-flex-align: center;
  align-items: center;
  display: -webkit-inline-box;
  display: -webkit-inline-flex;
  display: -ms-inline-flexbox;
  display: inline-flex;
  -webkit-box-pack: center;
  -webkit-justify-content: center;
  -ms-flex-pack: center;
  justify-content: center;
  height: 24px;
  width: 24px;
}

.c3:hover {
  color: rgba(0,0,0,0.90);
  background-color: transparent;
}

.c3::before {
  -webkit-font-smoothing: antialiased;
  -moz-osx-font-smoothing: grayscale;
  font-family: CarbonIcons;
  content: "\\e910";
  font-size: 16px;
  font-style: normal;
  font-weight: normal;
  line-height: 16px;
  vertical-align: middle;
  display: block;
}

.c12 {
  -webkit-align-items: stretch;
  -webkit-box-align: stretch;
  -ms-flex-align: stretch;
  align-items: stretch;
  background: #fff;
  border: 1px solid #668491;
  box-sizing: border-box;
  cursor: text;
  display: -webkit-box;
  display: -webkit-flex;
  display: -ms-flexbox;
  display: flex;
  -webkit-flex-wrap: wrap;
  -ms-flex-wrap: wrap;
  flex-wrap: wrap;
  -webkit-flex: 0 0 70%;
  -ms-flex: 0 0 70%;
  flex: 0 0 70%;
  margin: 0;
  min-height: 40px;
  padding-left: 11px;
  padding-right: 11px;
}

.c12 .c13 {
  height: calc(40px - 4px);
}

.c12 input::-ms-clear {
  display: none;
}

.c12 input::-webkit-contacts-auto-fill-button {
  display: none!important;
}

.c0 {
  display: -webkit-box;
  display: -webkit-flex;
  display: -ms-flexbox;
  display: flex;
  -webkit-box-pack: justify;
  -webkit-justify-content: space-between;
  -ms-flex-pack: justify;
  justify-content: space-between;
  padding: 9px 24px;
  -webkit-align-items: center;
  -webkit-box-align: center;
  -ms-flex-align: center;
  align-items: center;
  border-top-width: 0;
  font-size: 13px;
  border: 1px solid #D8E0E3;
  background-color: #F9FAFB;
  border-top: none;
}

.c0 .common-input__input:active,
.c0 .common-input__input:hover {
  border-color: #CCD6DA;
}

.c1 {
  display: -webkit-box;
  display: -webkit-flex;
  display: -ms-flexbox;
  display: flex;
  -webkit-flex: 1 1 30%;
  -ms-flex: 1 1 30%;
  flex: 1 1 30%;
  -webkit-box-pack: start;
  -webkit-justify-content: flex-start;
  -ms-flex-pack: start;
  justify-content: flex-start;
}

.c1 .carbon-dropdown {
  width: 55px;
  margin: 0 4px;
}

.c2 {
  display: -webkit-box;
  display: -webkit-flex;
  display: -ms-flexbox;
  display: flex;
  -webkit-align-items: center;
  -webkit-box-align: center;
  -ms-flex-align: center;
  align-items: center;
}

.c17.c17 .c11 {
  padding: 0;
  margin: 0 4px;
  line-height: 24px;
  min-height: 24px;
}

.c17.c17 .c13 {
  text-align: center;
  height: 24px;
}

.c4 {
  display: -webkit-box;
  display: -webkit-flex;
  display: -ms-flexbox;
  display: flex;
  -webkit-flex: 1 1 auto;
  -ms-flex: 1 1 auto;
  flex: 1 1 auto;
  -webkit-box-pack: center;
  -webkit-justify-content: center;
  -ms-flex-pack: center;
  justify-content: center;
  -webkit-align-items: center;
  -webkit-box-align: center;
  -ms-flex-align: center;
  align-items: center;
}

.c4.c4 .c11 {
  padding: 0;
  margin: 0 4px;
  line-height: 24px;
  min-height: 24px;
}

.c4.c4 .c13 {
  text-align: center;
  height: 24px;
}

.c6 {
  display: -webkit-box;
  display: -webkit-flex;
  display: -ms-flexbox;
  display: flex;
  -webkit-align-items: center;
  -webkit-box-align: center;
  -ms-flex-align: center;
  align-items: center;
  padding: 0 12px;
}

.c5 {
  padding: 0 4px;
  font-size: 13px;
  border-width: 0;
  -webkit-text-decoration: underline;
  text-decoration: underline;
  background-color: transparent;
  cursor: pointer;
  color: rgba(0,0,0,0.74);
  color: rgba(0,0,0,0.55);
  cursor: not-allowed;
}

.c15 {
  padding: 0 4px;
  font-size: 13px;
  border-width: 0;
  -webkit-text-decoration: underline;
  text-decoration: underline;
  background-color: transparent;
  cursor: pointer;
  color: rgba(0,0,0,0.74);
}

.c15:hover {
  color: rgba(0,0,0,0.90);
}

.c15:focus {
  outline: none;
  background-color: #FFDA7F;
  color: rgba(0,0,0,0.90);
}

.c7 {
  -webkit-user-select: none;
  -moz-user-select: none;
  -ms-user-select: none;
  user-select: none;
}

.c16 {
  display: -webkit-box;
  display: -webkit-flex;
  display: -ms-flexbox;
  display: flex;
  -webkit-flex: 1 1 30%;
  -ms-flex: 1 1 30%;
  flex: 1 1 30%;
  -webkit-box-pack: end;
  -webkit-justify-content: flex-end;
  -ms-flex-pack: end;
  justify-content: flex-end;
}

.c9 + .c8 {
  margin-top: 16px;
}

.c10 {
  display: block;
}

<div
  className="c0"
  data-component="pager"
>
  <div
    className="c1"
  >
    <div
      className="c2"
    >
      <span>
        Show
      </span>
      <div
        className="carbon-dropdown common-input--with-icon common-input"
        data-component="dropdown"
        data-element="page-select"
      >
        <div
          className="common-input__field"
          onMouseOut={[Function]}
          onMouseOver={[Function]}
        >
          <input
            autoComplete="off"
            className="carbon-dropdown__input common-input__input"
            data-element="input"
            id="guid-12345"
            name={null}
            onBlur={[Function]}
            onChange={[Function]}
            onFocus={[Function]}
            onKeyDown={[Function]}
            readOnly={true}
            value={10}
          />
          <label
            htmlFor="guid-12345"
          >
            <span
              className="carbon-input-icon c3"
              data-component="icon"
              data-element="dropdown"
              disabled={false}
              fontSize="small"
              type="dropdown"
            />
          </label>
        </div>
        <input
          data-element="hidden-input"
          readOnly={true}
          type="hidden"
          value="10"
        />
      </div>
      <span>
        items
      </span>
    </div>
  </div>
  <div
    className="c4"
  >
    <button
      className="c5"
      disabled={true}
    >
      First
    </button>
    <button
      className="c5"
      disabled={true}
    >
      Previous
    </button>
    <div
      className="c6"
    >
      <span
        className="c7"
      >
        Page 
      </span>
      <label>
        <div
          className="c8 c9"
          data-element="current-page"
        >
          <div
            className="c10"
          >
            <div
              className="c11 c12"
              onMouseDown={[Function]}
              onMouseEnter={[Function]}
              onMouseLeave={[Function]}
              role="presentation"
              size="medium"
            >
              <input
                aria-invalid={false}
                className="c13 c14"
                data-element="input"
                id="guid-12345"
                name="guid-12345"
                onBlur={[Function]}
                onChange={[Function]}
                onClick={[Function]}
                onFocus={[Function]}
                onKeyDown={[Function]}
                onKeyUp={[Function]}
                size="medium"
                type="text"
                value="1"
              />
            </div>
          </div>
        </div>
      </label>
      <span
        className="c7"
      >
         of 
        10
      </span>
    </div>
    <button
      className="c15"
      disabled={false}
      onClick={[Function]}
    >
      Next
    </button>
    <button
      className="c15"
      disabled={false}
      onClick={[Function]}
    >
      Last
    </button>
  </div>
  <div
    className="c16"
  >
    100
     
    items
  </div>
</div>
`;
