// Jest Snapshot v1, https://goo.gl/fbAQLP

exports[`Portal mount a <p/> tag as child 1`] = `"<div data-portal-exit=\\"guid-12345\\" class=\\"carbon-portal\\"><p>john</p></div>"`;

exports[`Portal when id prop is given matches snapshot 1`] = `"<div data-portal-exit=\\"guid-12345\\" id=\\"abc\\" class=\\"carbon-portal\\"><span>a1</span><span>a2</span></div>"`;

exports[`Portal when using default node to match snapshot  1`] = `
<span
  data-portal-entrance="guid-12345"
>
  <Portal
    containerInfo={
      <div
        class="carbon-portal"
        data-portal-exit="guid-12345"
      />
    }
  >
    <Icon
      bgSize="small"
      disabled={false}
      fontSize="small"
      tooltipAlign="left"
      tooltipMessage="Test"
      tooltipPosition="top"
      type="tick"
    />
  </Portal>
</span>
`;

exports[`Portal when using default node will mount correctly on document 1`] = `"<div data-portal-exit=\\"guid-12345\\" class=\\"carbon-portal\\"><span font-size=\\"small\\" type=\\"tick\\" class=\\"sc-bxivhb eXYpfN\\" data-component=\\"icon\\" data-element=\\"tick\\"></span></div>"`;
