// Jest Snapshot v1, https://goo.gl/fbAQLP

exports[`Drawer uncontrolled matches snapshot 1`] = `
<styled.div
  data-component="drawer"
  height="100%"
>
  <styled.div
    animationDuration="0.5s"
    aria-expanded="true"
    className="open"
    expandedWidth="20%"
    theme="[ theme object ]"
  >
    <Styled(styled.div)
      hasControls={false}
      id="DrawerSidebar_guid-123"
      isExpanded={true}
      overflowY="auto"
      role="navigation"
      scrollVariant="light"
      theme="[ theme object ]"
    >
      <ContextProvider
        value={
          Object {
            "isInSidebar": true,
          }
        }
      >
        <ul>
          <li>
            link a
          </li>
          <li>
            link b
          </li>
          <li>
            link c
          </li>
        </ul>
      </ContextProvider>
    </Styled(styled.div)>
  </styled.div>
  <styled.div>
    content body content body content body content body content body content body content body
  </styled.div>
</styled.div>
`;
