// Jest Snapshot v1, https://goo.gl/fbAQLP

exports[`Label renders the label 1`] = `
.c0 {
  color: rgba(0,0,0,0.9);
  display: block;
  font-weight: 600;
  padding-bottom: 8px;
}

.c0 .c1,
.c0 .sc-bZQynM {
  vertical-align: middle;
}

<label
  className="c0"
  data-element="label"
  width={30}
>
  Name:
</label>
`;
