// Jest Snapshot v1, https://goo.gl/fbAQLP

exports[`RadioButton base renders as expected 1`] = `
.c5 + .c4 {
  margin-top: 16px;
}

.c7 {
  display: -webkit-box;
  display: -webkit-flex;
  display: -ms-flexbox;
  display: flex;
}

.c11 {
  cursor: pointer;
  opacity: 0;
  margin: 0;
  position: relative;
  z-index: 999;
}

.c9 {
  display: inline-block;
  position: relative;
}

.c13 .c6 {
  display: -webkit-box;
  display: -webkit-flex;
  display: -ms-flexbox;
  display: flex;
}

.c13 .c10:hover,
.c13 .sc-ifAKCX:hover,
.c13 .c10:focus,
.c13 .sc-ifAKCX:focus {
  outline: none;
  cursor: not-allowed;
}

.c3 .c6 {
  display: -webkit-box;
  display: -webkit-flex;
  display: -ms-flexbox;
  display: flex;
}

.c3 .c19 {
  -webkit-box-pack: start;
  -webkit-justify-content: flex-start;
  -ms-flex-pack: start;
  justify-content: flex-start;
  padding-top: 0;
  width: auto;
}

.c3 .c19 .c20,
.c3 .c19 .c21 {
  color: rgba(0,0,0,0.65);
  vertical-align: middle;
}

.c3 .c19 .c20:hover,
.c3 .c19 .c21:hover,
.c3 .c19 .c20:focus,
.c3 .c19 .c21:focus {
  color: rgba(0,0,0,0.9);
}

.c3 .c18 {
  -webkit-flex-basis: 100%;
  -ms-flex-preferred-size: 100%;
  flex-basis: 100%;
}

.c14 .c6 {
  display: -webkit-box;
  display: -webkit-flex;
  display: -ms-flexbox;
  display: flex;
}

.c15 .c8 {
  padding-top: 1px;
}

.c15 .c12 {
  height: 16px;
}

.c15 .c10,
.c15 svg {
  height: 16px;
  position: absolute;
  padding: 1px;
}

.c15 .c8,
.c15 .c10,
.c15 .c12,
.c15 svg {
  box-sizing: border-box;
  min-width: 16px;
  width: 16px;
}

.c15 .c10:not([disabled]):focus + .c12,
.c15 .c10:not([disabled]):hover + .c12 {
  box-shadow: 0 0 0 3px #FFB500;
}

.c15 .c10:checked ~ .c12 svg path {
  fill: rgba(0,0,0,0.90);
}

.c15 .c10:checked ~ .c12 svg path {
  fill: #CCD6DB;
}

.c15 .c12:hover,
.c15 .c12:focus {
  outline: none;
  cursor: not-allowed;
}

.c15.c15 .c4 {
  margin: 0;
}

.c15 .c12 {
  padding: 0;
}

.c15 .c12,
.c15 svg {
  border-radius: 50%;
}

.c15 .c8,
.c15 .c10,
.c15 .c12,
.c15 svg {
  height: 16px;
  width: 16px;
}

.c15 .c10:checked + .c12 circle {
  fill: var(--colorsUtilityYin090);
}

.c15 .c10:checked + .c12 circle {
  fill: var(--colorsUtilityDisabled600);
}

.c16 .c8 {
  padding-top: 1px;
}

.c16 .c12 {
  height: 16px;
}

.c16 .c10,
.c16 svg {
  height: 16px;
  position: absolute;
  padding: 1px;
}

.c16 .c8,
.c16 .c10,
.c16 .c12,
.c16 svg {
  box-sizing: border-box;
  min-width: 16px;
  width: 16px;
}

.c16 .c10:not([disabled]):focus + .c12,
.c16 .c10:not([disabled]):hover + .c12 {
  box-shadow: 0 0 0 3px #FFB500;
}

.c16 .c12 {
  height: 24px;
}

.c16 .c8,
.c16 .c10,
.c16 .c12,
.c16 svg {
  height: 24px;
  width: 24px;
}

.c16 .c10:checked ~ .c12 svg path {
  fill: rgba(0,0,0,0.90);
}

.c16.c16 .c4 {
  margin: 0;
}

.c16 .c12 {
  padding: 0;
}

.c16 .c12,
.c16 svg {
  border-radius: 50%;
}

.c16 .c8,
.c16 .c10,
.c16 .c12,
.c16 svg {
  height: 16px;
  width: 16px;
}

.c16 .c10:checked + .c12 circle {
  fill: var(--colorsUtilityYin090);
}

.c16 .c8,
.c16 .c10,
.c16 .c12,
.c16 svg {
  height: 24px;
  width: 24px;
}

.c17 .c8 {
  padding-top: 1px;
}

.c17 .c12 {
  height: 16px;
}

.c17 .c10,
.c17 svg {
  height: 16px;
  position: absolute;
  padding: 1px;
}

.c17 .c8,
.c17 .c10,
.c17 .c12,
.c17 svg {
  box-sizing: border-box;
  min-width: 16px;
  width: 16px;
}

.c17 .c10:not([disabled]):focus + .c12,
.c17 .c10:not([disabled]):hover + .c12 {
  box-shadow: 0 0 0 3px #FFB500;
}

.c17 .c12 {
  height: 24px;
}

.c17 .c8,
.c17 .c10,
.c17 .c12,
.c17 svg {
  height: 24px;
  width: 24px;
}

.c17 .c10:checked ~ .c12 svg path {
  fill: rgba(0,0,0,0.90);
}

.c17.c17 .c4 {
  margin: 0;
}

.c17 .c12 {
  padding: 0;
}

.c17 .c12,
.c17 svg {
  border-radius: 50%;
}

.c17 .c8,
.c17 .c10,
.c17 .c12,
.c17 svg {
  height: 16px;
  width: 16px;
}

.c17 .c10:checked + .c12 circle {
  fill: var(--colorsUtilityYin090);
}

.c17 .c8,
.c17 .c10,
.c17 .c12,
.c17 svg {
  height: 24px;
  width: 24px;
}

.c2 {
  margin-bottom: var(--spacing150);
}

.c2 .c8 {
  padding-top: 1px;
}

.c2 .c12 {
  height: 16px;
}

.c2 svg {
  background-color: #FFFFFF;
  border: 1px solid #668592;
}

.c2 .c10,
.c2 svg {
  height: 16px;
  position: absolute;
  padding: 1px;
}

.c2 .c8,
.c2 .c10,
.c2 .c12,
.c2 svg {
  box-sizing: border-box;
  min-width: 16px;
  width: 16px;
}

.c2 .c10:not([disabled]):focus + .c12,
.c2 .c10:not([disabled]):hover + .c12 {
  box-shadow: 0 0 0 3px #FFB500;
}

.c2 .c19 {
  width: auto;
  -webkit-flex: 0 1 auto;
  -ms-flex: 0 1 auto;
  flex: 0 1 auto;
}

.c2 .c18 {
  margin-left: 16px;
  margin-top: 0;
  padding-left: 8px;
}

.c2 .c21 {
  position: relative;
  display: inline-block;
}

.c2 .c10:checked ~ .c12 svg path {
  fill: rgba(0,0,0,0.90);
}

.c2:last-of-type {
  margin-bottom: 0;
}

.c2.c2 .c4 {
  margin: 0;
}

.c2 .c12 {
  padding: 0;
}

.c2 .c12,
.c2 svg {
  border-radius: 50%;
}

.c2 .c8,
.c2 .c10,
.c2 .c12,
.c2 svg {
  height: 16px;
  width: 16px;
}

.c2 svg {
  padding: 1px;
}

.c2 circle {
  r: 5;
}

.c2 .c19 {
  -webkit-flex: 1 1 calc(100% - 44px);
  -ms-flex: 1 1 calc(100% - 44px);
  flex: 1 1 calc(100% - 44px);
}

.c2 .c10:checked + .c12 circle {
  fill: var(--colorsUtilityYin090);
}

.c0 {
  margin: 0;
  border: none;
  padding: 0;
  min-width: 0;
  min-inline-size: 0;
}

.c1 {
  display: -webkit-box;
  display: -webkit-flex;
  display: -ms-flexbox;
  display: flex;
  -webkit-flex-direction: column;
  -ms-flex-direction: column;
  flex-direction: column;
}

<fieldset
  className="c0"
  data-component="radiogroup"
>
  <div
    className="c1"
    data-component="radio-button-group"
    role="radiogroup"
  >
    <div
      className="c2"
      data-component="radio-button"
    >
      <div
        className="c3"
      >
        <div
          className="c4 c5"
        >
          <div
            className="c6 c7"
          >
            <div
              className="c8 c9"
            >
              <input
                aria-checked={false}
                aria-describedby=""
                aria-invalid={false}
                checked={false}
                className="c10 c11"
                id="guid-12345"
                name="radio-button-name"
                onBlur={[Function]}
                onChange={[Function]}
                onFocus={[Function]}
                onMouseEnter={[Function]}
                onMouseLeave={[Function]}
                role="radio"
                type="radio"
                value="test"
              />
              <div
                className="c12 "
              >
                <svg
                  focusable="false"
                  viewBox="0 0 15 15"
                >
                  <g
                    fill="none"
                    fillRule="evenodd"
                    stroke="none"
                    strokeWidth="1"
                  >
                    <circle
                      className="radio-button-check"
                      cx="7.5"
                      cy="7.5"
                      fill="#FFFFFF"
                      r="5"
                    />
                  </g>
                </svg>
              </div>
            </div>
          </div>
        </div>
      </div>
    </div>
  </div>
</fieldset>
`;
