// Jest Snapshot v1, https://goo.gl/fbAQLP

exports[`CardFooter matches expected styling when it contains interactive styling 1`] = `
.c0 {
  background-color: var(--colorsUtilityMajor025);
  border-top: var(--colorsUtilityMajor100);
  border-top-width: 1px;
  border-top-style: solid;
  font-size: 14px;
  font-weight: 700;
  margin: 0 -32px;
  display: -webkit-box;
  display: -webkit-flex;
  display: -ms-flexbox;
  display: flex;
  border-bottom-left-radius: var(--borderRadius100);
  border-bottom-right-radius: var(--borderRadius100);
}

.c0 .c1 {
  margin: 0;
  padding: 18px 32px;
}

<div
  className="c0"
  data-component="card-footer"
  data-element="card-footer"
  spacing="medium"
>
  <div
    id="non-interactive"
  >
    View Stripe Dashboard
  </div>
</div>
`;

exports[`CardFooter matches expected styling when it contains non-interactive content 1`] = `
.c0 {
  background-color: var(--colorsUtilityMajor025);
  border-top: var(--colorsUtilityMajor100);
  border-top-width: 1px;
  border-top-style: solid;
  font-size: 14px;
  font-weight: 700;
  margin: 0 -32px;
  display: -webkit-box;
  display: -webkit-flex;
  display: -ms-flexbox;
  display: flex;
  border-bottom-left-radius: var(--borderRadius100);
  border-bottom-right-radius: var(--borderRadius100);
}

.c0 .c4 {
  margin: 0;
  padding: 18px 32px;
}

.c3 {
  position: relative;
  color: var(--colorsYin090);
  background-color: transparent;
  vertical-align: middle;
  -webkit-align-items: center;
  -webkit-box-align: center;
  -ms-flex-align: center;
  align-items: center;
  display: -webkit-inline-box;
  display: -webkit-inline-flex;
  display: -ms-inline-flexbox;
  display: inline-flex;
  -webkit-box-pack: center;
  -webkit-justify-content: center;
  -ms-flex-pack: center;
  justify-content: center;
  height: 24px;
  width: 24px;
}

.c3::before {
  -webkit-font-smoothing: antialiased;
  -moz-osx-font-smoothing: grayscale;
  font-family: CarbonIcons;
  content: "\\e92d";
  font-style: normal;
  font-weight: normal;
  vertical-align: middle;
  font-size: var(--sizing250);
  line-height: var(--sizing250);
  display: block;
}

.c1 a,
.c1 button {
  font-size: 14px;
  color: var(--colorsActionMajor500);
}

.c1 a .c2,
.c1 button .c2 {
  color: var(--colorsActionMajor500);
}

.c1 a:hover,
.c1 button:hover {
  color: var(--colorsActionMajor600);
}

.c1 a:hover .c2,
.c1 button:hover .c2 {
  color: var(--colorsActionMajor600);
}

.c1 a:focus,
.c1 button:focus {
  background-color: var(--colorsSemanticFocus250);
  border-radius: var(--borderRadius025);
}

.c1 a,
.c1 button {
  -webkit-text-decoration: underline;
  text-decoration: underline;
}

.c1 a > .c2,
.c1 button > .c2 {
  display: inline-block;
  position: relative;
  vertical-align: middle;
  margin-right: var(--spacing050);
}

.c1 a:hover,
.c1 button:hover {
  cursor: pointer;
}

.c1 a:focus,
.c1 button:focus {
  color: var(--colorsActionMajorYin090);
  outline: none;
}

.c1 a:focus .c2,
.c1 button:focus .c2 {
  color: var(--colorsActionMajorYin090);
}

.c1 button {
  background-color: transparent;
  border: none;
  padding: 0;
}

<div
  className="c0"
  data-component="card-footer"
  data-element="card-footer"
  spacing="medium"
>
  <span
    className="c1"
    data-component="link"
    disabled={false}
  >
    <a
      href="https://carbon.sage.com/"
      onBlur={[Function]}
      onFocus={[Function]}
    >
      <span
        className="c2 c3"
        data-component="icon"
        data-element="link"
        fontSize="small"
        type="link"
      />
      <span
        className=""
      >
        View Stripe Dashboard
      </span>
    </a>
  </span>
</div>
`;
