// Jest Snapshot v1, https://goo.gl/fbAQLP

exports[`Label renders the label 1`] = `
<styled.div
  align="right"
  width={30}
>
  <styled.label
    data-element="label"
    onMouseEnter={[Function]}
    onMouseLeave={[Function]}
  >
    Name:
  </styled.label>
</styled.div>
`;
