// Jest Snapshot v1, https://goo.gl/fbAQLP

exports[`Alert include correct component, element and role data tags 1`] = `
<Portal
  key="1"
>
  <div
    className="carbon-dialog"
    data-component="alert"
    data-element="bar"
    data-role="baz"
    data-state="open"
  >
    <CSSTransitionGroup
      component="div"
      transitionAppear={true}
      transitionAppearTimeout={500}
      transitionEnter={true}
      transitionEnterTimeout={500}
      transitionLeave={true}
      transitionLeaveTimeout={500}
      transitionName="modal-background"
    >
      <div
        className="carbon-modal__background"
      />
    </CSSTransitionGroup>
    <CSSTransitionGroup
      component="div"
      transitionAppear={true}
      transitionAppearTimeout={500}
      transitionEnter={true}
      transitionEnterTimeout={500}
      transitionLeave={true}
      transitionLeaveTimeout={500}
      transitionName="modal"
    >
      <div
        aria-describedby="carbon-dialog-subtitle"
        aria-labelledby="carbon-dialog-title"
        className="carbon-dialog__dialog carbon-dialog__dialog--extra-small carbon-alert__alert"
        data-component="alert"
        data-element="bar"
        data-role="baz"
        onBlur={[Function]}
        role="dialog"
        style={
          Object {
            "minHeight": undefined,
          }
        }
        tabIndex={0}
      >
        <div
          className="carbon-dialog__title carbon-dialog__title--has-subheader"
        >
          <Heading
            divider={true}
            separator={false}
            subheader="Alert Subtitle"
            subtitleId="carbon-dialog-subtitle"
            title="Alert title"
            titleId="carbon-dialog-title"
          />
        </div>
        <div
          className="carbon-dialog__content"
        >
          <div
            className="carbon-dialog__inner-content"
            style={Object {}}
          />
        </div>
        <Icon
          bgSize="small"
          className="carbon-dialog__close"
          data-element="close"
          onBlur={[Function]}
          onClick={[Function]}
          tabIndex="0"
          type="close"
        />
      </div>
    </CSSTransitionGroup>
  </div>
</Portal>
`;
