// Jest Snapshot v1, https://goo.gl/fbAQLP

exports[`HiddenCheckableInput renders as expected 1`] = `
.c0 {
  cursor: pointer;
  opacity: 0;
  margin: 0;
  z-index: 999;
}

<input
  className="c0"
/>
`;
