// Jest Snapshot v1, https://goo.gl/fbAQLP

exports[`Sidebar sidebarClasses returns a base sidebar 1`] = `
<Portal
  key="1"
>
  <div
    className="carbon-sidebar custom-class"
    data-component="sidebar"
    data-element="bar"
    data-role="baz"
    data-state="open"
  >
    <CSSTransitionGroup
      component="div"
      transitionAppear={true}
      transitionAppearTimeout={500}
      transitionEnter={true}
      transitionEnterTimeout={500}
      transitionLeave={true}
      transitionLeaveTimeout={500}
      transitionName="modal-background"
    >
      <div
        className="carbon-modal__background"
      />
    </CSSTransitionGroup>
    <CSSTransitionGroup
      component="div"
      transitionAppear={true}
      transitionAppearTimeout={500}
      transitionEnter={true}
      transitionEnterTimeout={500}
      transitionLeave={true}
      transitionLeaveTimeout={500}
      transitionName="sidebar--right"
    >
      <div
        className="carbon-sidebar__sidebar carbon-sidebar__sidebar--right carbon-sidebar__sidebar--medium"
        data-component="sidebar"
        data-element="bar"
        data-role="baz"
      >
        <span
          className="carbon-sidebar__close"
        >
          <Icon
            bgSize="small"
            className="carbon-sidebar__close-icon"
            data-element="close"
            onClick={[Function]}
            type="close"
          />
        </span>
        <Textbox />
        <Textbox />
        <Textbox />
      </div>
    </CSSTransitionGroup>
  </div>
</Portal>
`;
