// Jest Snapshot v1, https://goo.gl/fbAQLP

exports[`Sidebar sidebarClasses returns a base sidebar 1`] = `
<Portal
  key="1"
>
  <div
    className="carbon-sidebar custom-class"
    data-component="sidebar"
    data-element="bar"
    data-role="baz"
    data-state="open"
  >
    <CSSTransitionGroup
      component="div"
      transitionAppear={true}
      transitionAppearTimeout={500}
      transitionEnter={true}
      transitionEnterTimeout={500}
      transitionLeave={true}
      transitionLeaveTimeout={500}
      transitionName="modal-background"
    >
      <div
        className="carbon-modal__background"
      />
    </CSSTransitionGroup>
    <CSSTransitionGroup
      component="div"
      transitionAppear={true}
      transitionAppearTimeout={500}
      transitionEnter={true}
      transitionEnterTimeout={500}
      transitionLeave={true}
      transitionLeaveTimeout={500}
      transitionName="sidebar--right"
    >
      <styled.div
        data-component="sidebar"
        data-element="bar"
        data-role="baz"
        position="right"
        size="medium"
        theme={
          Object {
            "colors": Object {
              "base": "#00A376",
              "border": "#668491",
              "brand": "#00DC00",
              "destructive": Object {
                "hover": "#9F2C3F",
              },
              "error": "#C7384F",
              "focus": "#FFB500",
              "focusedIcon": "#335B6D",
              "focusedLinkBackground": "#FFDA7F",
              "info": "#0073C2",
              "primary": "#26A826",
              "secondary": "#006300",
              "success": "#00B000",
              "tertiary": "#004400",
              "warning": "#E96400",
              "white": "#FFFFFF",
              "whiteMix": "#E5F4E5",
            },
            "disabled": Object {
              "background": "#E5EAEC",
              "border": "#CCD6DA",
              "button": "#E5EAEC",
              "buttonText": "rgba(0,0,0,.2)",
              "disabled": "rgba(0,0,0,0.55)",
              "input": "#F2F4F5",
              "text": "rgba(0,0,0,0.3)",
            },
            "icon": Object {
              "focus": "#335B6D",
            },
            "name": "base",
            "shadows": Object {
              "cards": "0 3px 3px 0 rgba(0,20,29,0.2), 0 2px 4px 0 rgba(0,20,29,0.15)",
              "depth1": "0 5px 5px 0 rgba(0,20,29,0.2), 0 10px 10px 0 rgba(0,20,29,0.1)",
              "depth2": "0 10px 20px 0 rgba(0,20,29,0.2), 0 20px 40px 0 rgba(0,20,29,0.1)",
              "depth3": "0 10px 30px 0 rgba(0,20,29,0.1), 0 30px 60px 0 rgba(0,20,29,0.1)",
              "depth4": "0 10px 40px 0 rgba(0,20,29,0.04), 0 50px 80px 0 rgba(0,20,29,0.1)",
            },
            "text": Object {
              "color": "rgba(0,0,0,0.9)",
              "placeholder": "rgba(0,0,0,0.3)",
              "size": "14px",
            },
          }
        }
      >
        <styled.div
          theme={
            Object {
              "colors": Object {
                "base": "#00A376",
                "border": "#668491",
                "brand": "#00DC00",
                "destructive": Object {
                  "hover": "#9F2C3F",
                },
                "error": "#C7384F",
                "focus": "#FFB500",
                "focusedIcon": "#335B6D",
                "focusedLinkBackground": "#FFDA7F",
                "info": "#0073C2",
                "primary": "#26A826",
                "secondary": "#006300",
                "success": "#00B000",
                "tertiary": "#004400",
                "warning": "#E96400",
                "white": "#FFFFFF",
                "whiteMix": "#E5F4E5",
              },
              "disabled": Object {
                "background": "#E5EAEC",
                "border": "#CCD6DA",
                "button": "#E5EAEC",
                "buttonText": "rgba(0,0,0,.2)",
                "disabled": "rgba(0,0,0,0.55)",
                "input": "#F2F4F5",
                "text": "rgba(0,0,0,0.3)",
              },
              "icon": Object {
                "focus": "#335B6D",
              },
              "name": "base",
              "shadows": Object {
                "cards": "0 3px 3px 0 rgba(0,20,29,0.2), 0 2px 4px 0 rgba(0,20,29,0.15)",
                "depth1": "0 5px 5px 0 rgba(0,20,29,0.2), 0 10px 10px 0 rgba(0,20,29,0.1)",
                "depth2": "0 10px 20px 0 rgba(0,20,29,0.2), 0 20px 40px 0 rgba(0,20,29,0.1)",
                "depth3": "0 10px 30px 0 rgba(0,20,29,0.1), 0 30px 60px 0 rgba(0,20,29,0.1)",
                "depth4": "0 10px 40px 0 rgba(0,20,29,0.04), 0 50px 80px 0 rgba(0,20,29,0.1)",
              },
              "text": Object {
                "color": "rgba(0,0,0,0.9)",
                "placeholder": "rgba(0,0,0,0.3)",
                "size": "14px",
              },
            }
          }
        >
          <Icon
            bgSize="small"
            className="carbon-sidebar__close-icon"
            data-element="close"
            onClick={[Function]}
            type="close"
          />
        </styled.div>
        <Textbox />
        <Textbox />
        <Textbox />
      </styled.div>
    </CSSTransitionGroup>
  </div>
</Portal>
`;

exports[`SidebarStyle When classic style is passed to the component should render correct style 1`] = `
.c0 {
  background-color: #1e499f;
  border-radius: 1px;
  bottom: 0;
  position: fixed;
  top: 0;
  padding: 27px 32px 32px 32px;
  z-index: 1002;
  width: 150px;
  box-shadow: 0 10px 30px 0 rgba(0,20,29,0.1),0 30px 60px 0 rgba(0,20,29,0.1);
  left: 0;
  background-color: #e6ebed;
  padding: 20px;
  border-right: 1px solid #ccd6db;
  box-shadow: 10px 0 15px rgba(0,0,0,.05);
  left: 0;
}

<styled.div
  open={true}
  position="left"
  size="extra-small"
  theme={
    Object {
      "colors": Object {
        "base": "#00A376",
        "baseBlue": "#255BC7",
        "border": "#668491",
        "brand": "#00DC00",
        "destructive": Object {
          "hover": "#9F2C3F",
        },
        "error": "#C7384F",
        "focus": "#FFB500",
        "focusedIcon": "#335B6D",
        "focusedLinkBackground": "#FFDA7F",
        "greyDarkBlue50": "#8099a4",
        "info": "#0073C2",
        "primary": "#00805D",
        "secondary": "#006045",
        "success": "#00B000",
        "tertiary": "#003F2E",
        "warning": "#FFB500",
        "white": "#FFFFFF",
        "whiteMix": "#E5F4E5",
      },
      "disabled": Object {
        "background": "#E5EAEC",
        "border": "#4d7080",
        "button": "#E5EAEC",
        "buttonText": "rgba(0,0,0,.2)",
        "disabled": "#b3c2c8",
        "input": "#1e499f",
        "text": "#003349",
      },
      "icon": Object {
        "focus": "#335B6D",
      },
      "name": "classic",
      "shadows": Object {
        "cards": "0 3px 3px 0 rgba(0,20,29,0.2), 0 2px 4px 0 rgba(0,20,29,0.15)",
        "depth1": "0 5px 5px 0 rgba(0,20,29,0.2), 0 10px 10px 0 rgba(0,20,29,0.1)",
        "depth2": "0 10px 20px 0 rgba(0,20,29,0.2), 0 20px 40px 0 rgba(0,20,29,0.1)",
        "depth3": "0 10px 30px 0 rgba(0,20,29,0.1), 0 30px 60px 0 rgba(0,20,29,0.1)",
        "depth4": "0 10px 40px 0 rgba(0,20,29,0.04), 0 50px 80px 0 rgba(0,20,29,0.1)",
      },
      "text": Object {
        "color": "rgba(0,0,0,0.9)",
        "placeholder": "rgba(0,0,0,0.3)",
        "size": "14px",
      },
    }
  }
>
  <StyledComponent
    forwardedComponent={
      Object {
        "$$typeof": Symbol(react.forward_ref),
        "attrs": Array [],
        "componentStyle": ComponentStyle {
          "componentId": "sc-bdVaJa",
          "isStatic": false,
          "lastClassName": "c0",
          "rules": Array [
            "
  background-color: ",
            [Function],
            ";
  border-radius: 1px;
  bottom: 0;
  position: fixed;
  top: 0;
  padding: 27px 32px 32px 32px;
  z-index: 1002;
  
  ",
            [Function],
            ";

  ",
            [Function],
            ";

  ",
            [Function],
            "
",
          ],
        },
        "defaultProps": Object {
          "theme": Object {
            "colors": Object {
              "base": "#00A376",
              "border": "#668491",
              "brand": "#00DC00",
              "destructive": Object {
                "hover": "#9F2C3F",
              },
              "error": "#C7384F",
              "focus": "#FFB500",
              "focusedIcon": "#335B6D",
              "focusedLinkBackground": "#FFDA7F",
              "info": "#0073C2",
              "primary": "#26A826",
              "secondary": "#006300",
              "success": "#00B000",
              "tertiary": "#004400",
              "warning": "#E96400",
              "white": "#FFFFFF",
              "whiteMix": "#E5F4E5",
            },
            "disabled": Object {
              "background": "#E5EAEC",
              "border": "#CCD6DA",
              "button": "#E5EAEC",
              "buttonText": "rgba(0,0,0,.2)",
              "disabled": "rgba(0,0,0,0.55)",
              "input": "#F2F4F5",
              "text": "rgba(0,0,0,0.3)",
            },
            "icon": Object {
              "focus": "#335B6D",
            },
            "name": "base",
            "shadows": Object {
              "cards": "0 3px 3px 0 rgba(0,20,29,0.2), 0 2px 4px 0 rgba(0,20,29,0.15)",
              "depth1": "0 5px 5px 0 rgba(0,20,29,0.2), 0 10px 10px 0 rgba(0,20,29,0.1)",
              "depth2": "0 10px 20px 0 rgba(0,20,29,0.2), 0 20px 40px 0 rgba(0,20,29,0.1)",
              "depth3": "0 10px 30px 0 rgba(0,20,29,0.1), 0 30px 60px 0 rgba(0,20,29,0.1)",
              "depth4": "0 10px 40px 0 rgba(0,20,29,0.04), 0 50px 80px 0 rgba(0,20,29,0.1)",
            },
            "text": Object {
              "color": "rgba(0,0,0,0.9)",
              "placeholder": "rgba(0,0,0,0.3)",
              "size": "14px",
            },
          },
        },
        "displayName": "styled.div",
        "foldedComponentIds": Array [],
        "render": [Function],
        "styledComponentId": "sc-bdVaJa",
        "target": "div",
        "toString": [Function],
        "warnTooManyClasses": [Function],
        "withComponent": [Function],
      }
    }
    forwardedRef={null}
    open={true}
    position="left"
    size="extra-small"
    theme={
      Object {
        "colors": Object {
          "base": "#00A376",
          "baseBlue": "#255BC7",
          "border": "#668491",
          "brand": "#00DC00",
          "destructive": Object {
            "hover": "#9F2C3F",
          },
          "error": "#C7384F",
          "focus": "#FFB500",
          "focusedIcon": "#335B6D",
          "focusedLinkBackground": "#FFDA7F",
          "greyDarkBlue50": "#8099a4",
          "info": "#0073C2",
          "primary": "#00805D",
          "secondary": "#006045",
          "success": "#00B000",
          "tertiary": "#003F2E",
          "warning": "#FFB500",
          "white": "#FFFFFF",
          "whiteMix": "#E5F4E5",
        },
        "disabled": Object {
          "background": "#E5EAEC",
          "border": "#4d7080",
          "button": "#E5EAEC",
          "buttonText": "rgba(0,0,0,.2)",
          "disabled": "#b3c2c8",
          "input": "#1e499f",
          "text": "#003349",
        },
        "icon": Object {
          "focus": "#335B6D",
        },
        "name": "classic",
        "shadows": Object {
          "cards": "0 3px 3px 0 rgba(0,20,29,0.2), 0 2px 4px 0 rgba(0,20,29,0.15)",
          "depth1": "0 5px 5px 0 rgba(0,20,29,0.2), 0 10px 10px 0 rgba(0,20,29,0.1)",
          "depth2": "0 10px 20px 0 rgba(0,20,29,0.2), 0 20px 40px 0 rgba(0,20,29,0.1)",
          "depth3": "0 10px 30px 0 rgba(0,20,29,0.1), 0 30px 60px 0 rgba(0,20,29,0.1)",
          "depth4": "0 10px 40px 0 rgba(0,20,29,0.04), 0 50px 80px 0 rgba(0,20,29,0.1)",
        },
        "text": Object {
          "color": "rgba(0,0,0,0.9)",
          "placeholder": "rgba(0,0,0,0.3)",
          "size": "14px",
        },
      }
    }
  >
    <div
      className="c0"
      open={true}
      size="extra-small"
    />
  </StyledComponent>
</styled.div>
`;

exports[`SidebarStyle When classic style is passed to the component should render correct style 2`] = `
.c0 {
  cursor: pointer;
  position: absolute;
  right: 20px;
  top: 26px;
  z-index: 1;
  color: #668491;
  color: rgba(0,0,0,0.85);
  top: 15px;
}

.c0:hover {
  color: #335B6D;
}

.c0:hover {
  color: #255BC7;
}

<styled.div
  theme={
    Object {
      "colors": Object {
        "base": "#00A376",
        "baseBlue": "#255BC7",
        "border": "#668491",
        "brand": "#00DC00",
        "destructive": Object {
          "hover": "#9F2C3F",
        },
        "error": "#C7384F",
        "focus": "#FFB500",
        "focusedIcon": "#335B6D",
        "focusedLinkBackground": "#FFDA7F",
        "greyDarkBlue50": "#8099a4",
        "info": "#0073C2",
        "primary": "#00805D",
        "secondary": "#006045",
        "success": "#00B000",
        "tertiary": "#003F2E",
        "warning": "#FFB500",
        "white": "#FFFFFF",
        "whiteMix": "#E5F4E5",
      },
      "disabled": Object {
        "background": "#E5EAEC",
        "border": "#4d7080",
        "button": "#E5EAEC",
        "buttonText": "rgba(0,0,0,.2)",
        "disabled": "#b3c2c8",
        "input": "#1e499f",
        "text": "#003349",
      },
      "icon": Object {
        "focus": "#335B6D",
      },
      "name": "classic",
      "shadows": Object {
        "cards": "0 3px 3px 0 rgba(0,20,29,0.2), 0 2px 4px 0 rgba(0,20,29,0.15)",
        "depth1": "0 5px 5px 0 rgba(0,20,29,0.2), 0 10px 10px 0 rgba(0,20,29,0.1)",
        "depth2": "0 10px 20px 0 rgba(0,20,29,0.2), 0 20px 40px 0 rgba(0,20,29,0.1)",
        "depth3": "0 10px 30px 0 rgba(0,20,29,0.1), 0 30px 60px 0 rgba(0,20,29,0.1)",
        "depth4": "0 10px 40px 0 rgba(0,20,29,0.04), 0 50px 80px 0 rgba(0,20,29,0.1)",
      },
      "text": Object {
        "color": "rgba(0,0,0,0.9)",
        "placeholder": "rgba(0,0,0,0.3)",
        "size": "14px",
      },
    }
  }
>
  <StyledComponent
    forwardedComponent={
      Object {
        "$$typeof": Symbol(react.forward_ref),
        "attrs": Array [],
        "componentStyle": ComponentStyle {
          "componentId": "sc-bwzfXH",
          "isStatic": false,
          "lastClassName": "c0",
          "rules": Array [
            "
  cursor: pointer;
  position: absolute;
  right: 20px;
  top: 26px;
  z-index: 1;
  color: ",
            [Function],
            ";

  &:hover {
      color: ",
            [Function],
            ";
  };

  ",
            [Function],
            "
",
          ],
        },
        "defaultProps": Object {
          "theme": Object {
            "colors": Object {
              "base": "#00A376",
              "border": "#668491",
              "brand": "#00DC00",
              "destructive": Object {
                "hover": "#9F2C3F",
              },
              "error": "#C7384F",
              "focus": "#FFB500",
              "focusedIcon": "#335B6D",
              "focusedLinkBackground": "#FFDA7F",
              "info": "#0073C2",
              "primary": "#26A826",
              "secondary": "#006300",
              "success": "#00B000",
              "tertiary": "#004400",
              "warning": "#E96400",
              "white": "#FFFFFF",
              "whiteMix": "#E5F4E5",
            },
            "disabled": Object {
              "background": "#E5EAEC",
              "border": "#CCD6DA",
              "button": "#E5EAEC",
              "buttonText": "rgba(0,0,0,.2)",
              "disabled": "rgba(0,0,0,0.55)",
              "input": "#F2F4F5",
              "text": "rgba(0,0,0,0.3)",
            },
            "icon": Object {
              "focus": "#335B6D",
            },
            "name": "base",
            "shadows": Object {
              "cards": "0 3px 3px 0 rgba(0,20,29,0.2), 0 2px 4px 0 rgba(0,20,29,0.15)",
              "depth1": "0 5px 5px 0 rgba(0,20,29,0.2), 0 10px 10px 0 rgba(0,20,29,0.1)",
              "depth2": "0 10px 20px 0 rgba(0,20,29,0.2), 0 20px 40px 0 rgba(0,20,29,0.1)",
              "depth3": "0 10px 30px 0 rgba(0,20,29,0.1), 0 30px 60px 0 rgba(0,20,29,0.1)",
              "depth4": "0 10px 40px 0 rgba(0,20,29,0.04), 0 50px 80px 0 rgba(0,20,29,0.1)",
            },
            "text": Object {
              "color": "rgba(0,0,0,0.9)",
              "placeholder": "rgba(0,0,0,0.3)",
              "size": "14px",
            },
          },
        },
        "displayName": "styled.div",
        "foldedComponentIds": Array [],
        "render": [Function],
        "styledComponentId": "sc-bwzfXH",
        "target": "div",
        "toString": [Function],
        "warnTooManyClasses": [Function],
        "withComponent": [Function],
      }
    }
    forwardedRef={null}
    theme={
      Object {
        "colors": Object {
          "base": "#00A376",
          "baseBlue": "#255BC7",
          "border": "#668491",
          "brand": "#00DC00",
          "destructive": Object {
            "hover": "#9F2C3F",
          },
          "error": "#C7384F",
          "focus": "#FFB500",
          "focusedIcon": "#335B6D",
          "focusedLinkBackground": "#FFDA7F",
          "greyDarkBlue50": "#8099a4",
          "info": "#0073C2",
          "primary": "#00805D",
          "secondary": "#006045",
          "success": "#00B000",
          "tertiary": "#003F2E",
          "warning": "#FFB500",
          "white": "#FFFFFF",
          "whiteMix": "#E5F4E5",
        },
        "disabled": Object {
          "background": "#E5EAEC",
          "border": "#4d7080",
          "button": "#E5EAEC",
          "buttonText": "rgba(0,0,0,.2)",
          "disabled": "#b3c2c8",
          "input": "#1e499f",
          "text": "#003349",
        },
        "icon": Object {
          "focus": "#335B6D",
        },
        "name": "classic",
        "shadows": Object {
          "cards": "0 3px 3px 0 rgba(0,20,29,0.2), 0 2px 4px 0 rgba(0,20,29,0.15)",
          "depth1": "0 5px 5px 0 rgba(0,20,29,0.2), 0 10px 10px 0 rgba(0,20,29,0.1)",
          "depth2": "0 10px 20px 0 rgba(0,20,29,0.2), 0 20px 40px 0 rgba(0,20,29,0.1)",
          "depth3": "0 10px 30px 0 rgba(0,20,29,0.1), 0 30px 60px 0 rgba(0,20,29,0.1)",
          "depth4": "0 10px 40px 0 rgba(0,20,29,0.04), 0 50px 80px 0 rgba(0,20,29,0.1)",
        },
        "text": Object {
          "color": "rgba(0,0,0,0.9)",
          "placeholder": "rgba(0,0,0,0.3)",
          "size": "14px",
        },
      }
    }
  >
    <div
      className="c0"
    />
  </StyledComponent>
</styled.div>
`;
