// Jest Snapshot v1, https://goo.gl/fbAQLP

exports[`SwitchSlider base theme renders as expected 1`] = `
.c2 {
  border: 0;
  color: var(--colorsActionMinorYang100);
  margin: auto;
  margin-top: 5px;
}

.c2[type="on"] {
  margin-left: 9px;
}

.c2[type="off"] {
  color: var(--colorsActionMinor500);
  margin-right: 6px;
}

.c0 {
  display: -webkit-box;
  display: -webkit-flex;
  display: -ms-flexbox;
  display: flex;
  font-size: 12px;
  font-weight: bold;
  height: 24px;
  left: 0;
  -webkit-letter-spacing: 1px;
  -moz-letter-spacing: 1px;
  -ms-letter-spacing: 1px;
  letter-spacing: 1px;
  position: absolute;
  text-transform: uppercase;
  top: 0;
  width: 60px;
  min-width: -webkit-fit-content;
  min-width: -moz-fit-content;
  min-width: fit-content;
  z-index: 2;
  border-radius: 90px;
  border-style: solid;
  border-color: var(--colorsActionMinor400);
  border-width: var(--borderWidth200);
}

.c0::before {
  background-color: var(--colorsActionMinor400);
  bottom: 4px;
  content: "";
  height: 16px;
  position: absolute;
  left: 4px;
  -webkit-transition: -webkit-transform 0.4s;
  -webkit-transition: transform 0.4s;
  transition: transform 0.4s;
  width: 16px;
  z-index: 1;
  border-radius: 50%;
}

.c0 .c5 {
  position: absolute;
  right: -30px;
  height: 100%;
}

.c3 .c1 {
  color: var(--colorsUtilityYin030);
}

.c4 .c1 {
  color: var(--colorsUtilityYin030);
}

.c4 .c1 {
  color: var(--colorsUtilityYin030);
}

<span
  className="c0"
>
  <div
    className="c1 c2"
    type="off"
  >
    OFF
  </div>
</span>
`;
