// Jest Snapshot v1, https://goo.gl/fbAQLP

exports[`Link renders as expected 1`] = `
<styled.span
  data-component="link"
  disabled={false}
  hasContent={true}
  hasFocus={false}
  iconAlign="left"
  isMenuItem={false}
  theme="[ theme object ]"
  variant="default"
>
  <a
    href="www.foo.com"
    onBlur={[Function]}
    onFocus={[Function]}
  >
    <styled.span>
      test
    </styled.span>
  </a>
</styled.span>
`;
