// Jest Snapshot v1, https://goo.gl/fbAQLP

exports[`CheckboxGroup renders as expected 1`] = `
.c2 + .c1 {
  margin-top: 16px;
}

.c4 {
  display: block;
}

.c11 {
  display: -webkit-box;
  display: -webkit-flex;
  display: -ms-flexbox;
  display: flex;
}

.c15 {
  cursor: pointer;
  opacity: 0;
  margin: 0;
  position: relative;
  z-index: 999;
}

.c7 {
  color: rgba(0,0,0,0.9);
  display: block;
  font-weight: 600;
}

.c6 {
  display: -webkit-box;
  display: -webkit-flex;
  display: -ms-flexbox;
  display: flex;
  -webkit-align-items: center;
  -webkit-box-align: center;
  -ms-flex-align: center;
  align-items: center;
  margin-bottom: 8px;
}

.c13 {
  display: inline-block;
  position: relative;
}

.c10 .c3 {
  display: -webkit-box;
  display: -webkit-flex;
  display: -ms-flexbox;
  display: flex;
}

.c10 .c5 {
  -webkit-box-pack: start;
  -webkit-justify-content: flex-start;
  -ms-flex-pack: start;
  justify-content: flex-start;
  padding-top: 0;
  width: auto;
}

.c10 .c5 .c19,
.c10 .c5 .c20 {
  color: rgba(0,0,0,0.65);
  vertical-align: middle;
}

.c10 .c5 .c19:hover,
.c10 .c5 .c20:hover,
.c10 .c5 .c19:focus,
.c10 .c5 .c20:focus {
  color: rgba(0,0,0,0.9);
}

.c10 .c17 {
  -webkit-flex-basis: 100%;
  -ms-flex-preferred-size: 100%;
  flex-basis: 100%;
}

.c9 .c12 {
  padding-top: 1px;
}

.c9 .c16 {
  height: 16px;
}

.c9 svg {
  background-color: #FFFFFF;
  border: 1px solid #668592;
}

.c9 .c14,
.c9 svg {
  height: 16px;
  position: absolute;
  padding: 1px;
}

.c9 .c12,
.c9 .c14,
.c9 .c16,
.c9 svg {
  box-sizing: border-box;
  min-width: 16px;
  width: 16px;
}

.c9 .c14:not([disabled]):focus + .c16,
.c9 .c14:not([disabled]):hover + .c16 {
  box-shadow: 0 0 0 3px #FFB500;
}

.c9 .c5 {
  width: auto;
  -webkit-flex: 0 1 auto;
  -ms-flex: 0 1 auto;
  flex: 0 1 auto;
}

.c9 .c17 {
  margin-left: 16px;
  margin-top: 0;
  padding-left: 8px;
}

.c9 .c20 {
  position: relative;
  display: inline-block;
}

.c9 .c14:checked ~ .c16 svg path {
  fill: rgba(0,0,0,0.90);
}

.c0 .c18::before {
  font-size: 16px;
}

.c0 .c8 {
  padding-top: 12px;
}

.c0 > .c1 > .c5 {
  margin-bottom: 4px;
  vertical-align: middle;
}

.c0 > .c1 > .c5 .c20 {
  display: inline-block;
}

<div
  aria-labelledby="my-checkbox-group-label"
  className="c0"
  data-component="checkboxgroup"
  role="checkbox"
>
  <div
    className="c1 c2"
  >
    <div
      className="c3 c4"
    >
      <div
        className="c5 c6"
        width={30}
      >
        <label
          className="c7"
          data-element="label"
          onMouseEnter={[Function]}
          onMouseLeave={[Function]}
        >
          Test CheckboxGroup Label
        </label>
      </div>
      <div
        className="c8 c9"
        data-component="checkbox"
        name="check-required"
      >
        <div
          className="c10"
          name="check-required"
        >
          <div
            className="c1 c2"
          >
            <div
              className="c3 c11"
            >
              <div
                className="c12 c13"
              >
                <input
                  aria-describedby="cId-required-help"
                  aria-labelledby="cId-required-label"
                  className="c14 c15"
                  id="cId-required"
                  name="check-required"
                  onBlur={[Function]}
                  onChange={[MockFunction]}
                  onFocus={[Function]}
                  onMouseEnter={[Function]}
                  onMouseLeave={[Function]}
                  role="checkbox"
                  type="checkbox"
                  value="required"
                />
                <div
                  className="c16 "
                >
                  <svg
                    focusable="false"
                    height="10"
                    viewBox="0 0 12 10"
                    width="12"
                  >
                    <path
                      d="M.237 6.477A.752.752 0 0 1 .155 5.47l.851-1.092a.63.63 0 0 1 .934-.088l2.697 1.964, 4.674-6a.63.63 0 0 1 .933-.088l1.015.917c.28.254.317.703.081 1.005L6.353 8.492a.725.725, 0 0 1-.095.16l-.85 1.093a.637.637 0 0 1-.626.244.638.638 0 0 1-.335-.16L.237 6.476z"
                      fill="#FFFFFF"
                      fillRule="evenodd"
                    />
                  </svg>
                </div>
              </div>
            </div>
          </div>
        </div>
      </div>
      <div
        className="c8 c9"
        data-component="checkbox"
        name="check-optional"
      >
        <div
          className="c10"
          name="check-optional"
        >
          <div
            className="c1 c2"
          >
            <div
              className="c3 c11"
            >
              <div
                className="c12 c13"
              >
                <input
                  aria-describedby="cId-optional-help"
                  aria-labelledby="cId-optional-label"
                  className="c14 c15"
                  id="cId-optional"
                  name="check-optional"
                  onBlur={[Function]}
                  onChange={[MockFunction]}
                  onFocus={[Function]}
                  onMouseEnter={[Function]}
                  onMouseLeave={[Function]}
                  role="checkbox"
                  type="checkbox"
                  value="optional"
                />
                <div
                  className="c16 "
                >
                  <svg
                    focusable="false"
                    height="10"
                    viewBox="0 0 12 10"
                    width="12"
                  >
                    <path
                      d="M.237 6.477A.752.752 0 0 1 .155 5.47l.851-1.092a.63.63 0 0 1 .934-.088l2.697 1.964, 4.674-6a.63.63 0 0 1 .933-.088l1.015.917c.28.254.317.703.081 1.005L6.353 8.492a.725.725, 0 0 1-.095.16l-.85 1.093a.637.637 0 0 1-.626.244.638.638 0 0 1-.335-.16L.237 6.476z"
                      fill="#FFFFFF"
                      fillRule="evenodd"
                    />
                  </svg>
                </div>
              </div>
            </div>
          </div>
        </div>
      </div>
    </div>
  </div>
</div>
`;
