// Jest Snapshot v1, https://goo.gl/fbAQLP

exports[`Checkbox base theme renders as expected 1`] = `
.c3 + .c2 {
  margin-top: 16px;
}

.c5 {
  display: -webkit-box;
  display: -webkit-flex;
  display: -ms-flexbox;
  display: flex;
}

.c9 {
  cursor: pointer;
  opacity: 0;
  margin: 0;
  position: relative;
  z-index: 999;
}

.c7 {
  display: inline-block;
  position: relative;
}

.c11 .c4 {
  display: -webkit-box;
  display: -webkit-flex;
  display: -ms-flexbox;
  display: flex;
}

.c11 .c4 {
  -webkit-flex-wrap: nowrap;
  -ms-flex-wrap: nowrap;
  flex-wrap: nowrap;
}

.c11 .c6 {
  margin-right: 0;
  margin-left: 8px;
}

.c11 .c6 {
  margin-left: 0;
}

.c12 .c4 {
  display: -webkit-box;
  display: -webkit-flex;
  display: -ms-flexbox;
  display: flex;
}

.c12 .c8:hover,
.c12 .sc-ifAKCX:hover,
.c12 .c8:focus,
.c12 .sc-ifAKCX:focus {
  outline: none;
  cursor: not-allowed;
}

.c13 .c4 {
  display: -webkit-box;
  display: -webkit-flex;
  display: -ms-flexbox;
  display: flex;
}

.c13 .c6 {
  width: 50% !important;
}

.c14 .c4 {
  display: -webkit-box;
  display: -webkit-flex;
  display: -ms-flexbox;
  display: flex;
}

.c15 .c4 {
  display: -webkit-box;
  display: -webkit-flex;
  display: -ms-flexbox;
  display: flex;
}

.c15 .c4 {
  -webkit-flex-wrap: nowrap;
  -ms-flex-wrap: nowrap;
  flex-wrap: nowrap;
}

.c15 .c6 {
  margin-right: 0;
  margin-left: 8px;
}

.c1 .c4 {
  display: -webkit-box;
  display: -webkit-flex;
  display: -ms-flexbox;
  display: flex;
}

.c1 .c25 {
  -webkit-box-pack: start;
  -webkit-justify-content: flex-start;
  -ms-flex-pack: start;
  justify-content: flex-start;
  padding-top: 0;
  width: auto;
}

.c1 .c25 .c26,
.c1 .c25 .c27 {
  color: rgba(0,0,0,0.65);
  vertical-align: middle;
}

.c1 .c25 .c26:hover,
.c1 .c25 .c27:hover,
.c1 .c25 .c26:focus,
.c1 .c25 .c27:focus {
  color: rgba(0,0,0,0.9);
}

.c1 .c24 {
  -webkit-flex-basis: 100%;
  -ms-flex-preferred-size: 100%;
  flex-basis: 100%;
}

.c16 .c6 {
  padding-top: 1px;
}

.c16 .c10 {
  height: 16px;
}

.c16 .c8,
.c16 svg {
  height: 16px;
  position: absolute;
  padding: 1px;
}

.c16 .c6,
.c16 .c8,
.c16 .c10,
.c16 svg {
  box-sizing: border-box;
  min-width: 16px;
  width: 16px;
}

.c16 .c8:not([disabled]):focus + .c10,
.c16 .c8:not([disabled]):hover + .c10 {
  box-shadow: 0 0 0 3px #FFB500;
}

.c16 .c10 {
  height: 24px;
}

.c16 .c6,
.c16 .c8,
.c16 .c10,
.c16 svg {
  height: 24px;
  width: 24px;
}

.c16 .c8:checked ~ .c10 svg path {
  fill: rgba(0,0,0,0.90);
}

.c17 .c6 {
  padding-top: 1px;
}

.c17 .c10 {
  height: 16px;
}

.c17 .c8,
.c17 svg {
  height: 16px;
  position: absolute;
  padding: 1px;
}

.c17 .c6,
.c17 .c8,
.c17 .c10,
.c17 svg {
  box-sizing: border-box;
  min-width: 16px;
  width: 16px;
}

.c17 .c8:not([disabled]):focus + .c10,
.c17 .c8:not([disabled]):hover + .c10 {
  box-shadow: 0 0 0 3px #FFB500;
}

.c17 .c8:checked ~ .c10 svg path {
  fill: rgba(0,0,0,0.90);
}

.c17 .c8:checked ~ .c10 svg path {
  fill: #CCD6DB;
}

.c17 .c10:hover,
.c17 .c10:focus {
  outline: none;
  cursor: not-allowed;
}

.c18 .c6 {
  padding-top: 1px;
}

.c18 .c10 {
  height: 16px;
}

.c18 .c8,
.c18 svg {
  height: 16px;
  position: absolute;
  padding: 1px;
}

.c18 .c6,
.c18 .c8,
.c18 .c10,
.c18 svg {
  box-sizing: border-box;
  min-width: 16px;
  width: 16px;
}

.c18 .c8:not([disabled]):focus + .c10,
.c18 .c8:not([disabled]):hover + .c10 {
  box-shadow: 0 0 0 3px #FFB500;
}

.c18 .c8:checked ~ .c10 svg path {
  fill: rgba(0,0,0,0.90);
}

.c19 .c6 {
  padding-top: 1px;
}

.c19 .c10 {
  height: 16px;
}

.c19 .c8,
.c19 svg {
  height: 16px;
  position: absolute;
  padding: 1px;
}

.c19 .c6,
.c19 .c8,
.c19 .c10,
.c19 svg {
  box-sizing: border-box;
  min-width: 16px;
  width: 16px;
}

.c19 .c8:not([disabled]):focus + .c10,
.c19 .c8:not([disabled]):hover + .c10 {
  box-shadow: 0 0 0 3px #FFB500;
}

.c19 .c8:checked ~ .c10 svg path {
  fill: rgba(0,0,0,0.90);
}

.c20 .c6 {
  padding-top: 1px;
}

.c20 .c10 {
  height: 16px;
}

.c20 .c8,
.c20 svg {
  height: 16px;
  position: absolute;
  padding: 1px;
}

.c20 .c6,
.c20 .c8,
.c20 .c10,
.c20 svg {
  box-sizing: border-box;
  min-width: 16px;
  width: 16px;
}

.c20 .c8:not([disabled]):focus + .c10,
.c20 .c8:not([disabled]):hover + .c10 {
  box-shadow: 0 0 0 3px #FFB500;
}

.c20 .c8:checked ~ .c10 svg path {
  fill: rgba(0,0,0,0.90);
}

.c20 .c6 {
  margin-right: 8px;
}

.c21 .c6 {
  padding-top: 1px;
}

.c21 .c10 {
  height: 16px;
}

.c21 .c8,
.c21 svg {
  height: 16px;
  position: absolute;
  padding: 1px;
}

.c21 .c6,
.c21 .c8,
.c21 .c10,
.c21 svg {
  box-sizing: border-box;
  min-width: 16px;
  width: 16px;
}

.c21 .c8:not([disabled]):focus + .c10,
.c21 .c8:not([disabled]):hover + .c10 {
  box-shadow: 0 0 0 3px #FFB500;
}

.c21 .c8:checked ~ .c10 svg path {
  fill: rgba(0,0,0,0.90);
}

.c22 .c6 {
  padding-top: 1px;
}

.c22 .c10 {
  height: 16px;
}

.c22 .c8,
.c22 svg {
  height: 16px;
  position: absolute;
  padding: 1px;
}

.c22 .c6,
.c22 .c8,
.c22 .c10,
.c22 svg {
  box-sizing: border-box;
  min-width: 16px;
  width: 16px;
}

.c22 .c8:not([disabled]):focus + .c10,
.c22 .c8:not([disabled]):hover + .c10 {
  box-shadow: 0 0 0 3px #FFB500;
}

.c22 .c8:checked ~ .c10 svg path {
  fill: rgba(0,0,0,0.90);
}

.c22 .c6 {
  padding: 1px 0 0 0;
}

.c22 .c8,
.c22 svg {
  padding: 1px;
}

.c22 .c6,
.c22 .c8,
.c22 .c10,
.c22 svg {
  height: 15px;
  width: 15px;
}

.c22 .c8:not([disabled]):focus + .c10,
.c22 .c8:not([disabled]):hover + .c10 {
  box-shadow: none;
}

.c22 .c8:not([disabled]):focus + .c10 > svg,
.c22 .c8:not([disabled]):hover + .c10 > svg {
  border: 1px solid #1963f6;
  outline: none;
}

.c22 .c8:checked ~ .c10 svg path {
  fill: rgba(0,0,0,0.85);
}

.c23 .c6 {
  padding-top: 1px;
}

.c23 .c10 {
  height: 16px;
}

.c23 .c8,
.c23 svg {
  height: 16px;
  position: absolute;
  padding: 1px;
}

.c23 .c6,
.c23 .c8,
.c23 .c10,
.c23 svg {
  box-sizing: border-box;
  min-width: 16px;
  width: 16px;
}

.c23 .c8:not([disabled]):focus + .c10,
.c23 .c8:not([disabled]):hover + .c10 {
  box-shadow: 0 0 0 3px #FFB500;
}

.c23 .c8:checked ~ .c10 svg path {
  fill: rgba(0,0,0,0.90);
}

.c23 .c8:checked ~ .c10 svg path {
  fill: #4d7080;
}

.c23 .c10:hover,
.c23 .c10:focus {
  outline: none;
  cursor: not-allowed;
}

.c23 .c6 {
  padding: 1px 0 0 0;
}

.c23 .c8,
.c23 svg {
  padding: 1px;
}

.c23 .c6,
.c23 .c8,
.c23 .c10,
.c23 svg {
  height: 15px;
  width: 15px;
}

.c23 .c8:not([disabled]):focus + .c10,
.c23 .c8:not([disabled]):hover + .c10 {
  box-shadow: none;
}

.c23 .c8:not([disabled]):focus + .c10 > svg,
.c23 .c8:not([disabled]):hover + .c10 > svg {
  border: 1px solid #1963f6;
  outline: none;
}

.c23 .c8:checked ~ .c10 svg path {
  fill: rgba(0,0,0,0.85);
}

.c23 .c8:checked ~ .c10 svg path {
  fill: #8099a4;
}

.c0 .c6 {
  padding-top: 1px;
}

.c0 .c10 {
  height: 16px;
}

.c0 svg {
  background-color: #FFFFFF;
  border: 1px solid #668592;
}

.c0 .c8,
.c0 svg {
  height: 16px;
  position: absolute;
  padding: 1px;
}

.c0 .c6,
.c0 .c8,
.c0 .c10,
.c0 svg {
  box-sizing: border-box;
  min-width: 16px;
  width: 16px;
}

.c0 .c8:not([disabled]):focus + .c10,
.c0 .c8:not([disabled]):hover + .c10 {
  box-shadow: 0 0 0 3px #FFB500;
}

.c0 .c25 {
  width: auto;
  -webkit-flex: 0 1 auto;
  -ms-flex: 0 1 auto;
  flex: 0 1 auto;
}

.c0 .c24 {
  margin-left: 16px;
  margin-top: 0;
  padding-left: 8px;
}

.c0 .c27 {
  position: relative;
  display: inline-block;
}

.c0 .c8:checked ~ .c10 svg path {
  fill: rgba(0,0,0,0.90);
}

<div
  className="c0"
  data-component="checkbox"
  name="my-checkbox"
>
  <div
    className="c1"
    name="my-checkbox"
  >
    <div
      className="c2 c3"
    >
      <div
        className="c4 c5"
      >
        <div
          className="c6 c7"
        >
          <input
            aria-describedby="guid-12345-help"
            aria-labelledby="guid-12345-label"
            className="c8 c9"
            id="guid-12345"
            name="my-checkbox"
            onBlur={[Function]}
            onFocus={[Function]}
            onMouseEnter={[Function]}
            onMouseLeave={[Function]}
            role="checkbox"
            type="checkbox"
            value="test"
          />
          <div
            className="c10 "
          >
            <svg
              focusable="false"
              height="10"
              viewBox="0 0 12 10"
              width="12"
            >
              <path
                d="M.237 6.477A.752.752 0 0 1 .155 5.47l.851-1.092a.63.63 0 0 1 .934-.088l2.697 1.964, 4.674-6a.63.63 0 0 1 .933-.088l1.015.917c.28.254.317.703.081 1.005L6.353 8.492a.725.725, 0 0 1-.095.16l-.85 1.093a.637.637 0 0 1-.626.244.638.638 0 0 1-.335-.16L.237 6.476z"
                fill="#FFFFFF"
                fillRule="evenodd"
              />
            </svg>
          </div>
        </div>
      </div>
    </div>
  </div>
</div>
`;
